GGGGGGGGGGGGGGGGGGGGGGGGGGGGGG....................GGGGGGGGGGGGGG
BB............................................................BB
BB............................SSSSS...........................BB
BB............................................................BB
BB............................................................BB
BB............................................................BB
BB...............................SSSSSS.......................BB
BB............................................................BB
BB............................................................BB
BB............................................................BB
BB......................................SSSSSS................BB
BB............................................................BB
BB............................................................BB
BB............................................................BB
BB..............................SSSSSS........................BB
BB............................................................BB
BB............................................................BB
BB............................................................BB
BB......................SSSSSS................................BB
BB............................................................BB
BB............................................................BB
BB....A...R.................................E.......E.....d...BB
BBBBBBBBBBBBBBBBBBBBBBBBBBBBBBBBBBBBBBBBBBBBBBBBBBBBBBBBBBBBBBBB
GGGGGGGGGGGGGGGGGGGGGGGGGGGGGGGGGGGGGGGGGGGGGGGGGGGGGGGGGGGGGGGG
GGGGGGGGGGGGGGGGGGGGGGGGGGGGGGGGGGGGGGGGGGGGGGGGGGGGGGGGGGGGGGGG
GGGGGGGGGGGGGGGGGGGGGGGGGGGGGGGGGGGGGGGGGGGGGGGGGGGGGGGGGGGGGGGG
GGGGGGGGGGGGGGGGGGGGGGGGGGGGGGGGGGGGGGGGGGGGGGGGGGGGGGGGGGGGGGGG
GGGGGGGGGGGGGGGGGGGGGGGGGGGGGGGGGGGGGGGGGGGGGGGGGGGGGGGGGGGGGGGG
GGGGGGGGGGGGGGGGGGGGGGGGGGGGGGGGGGGGGGGGGGGGGGGGGGGGGGGGGGGGGGGG
GGGGGGGGGGGGGGGGGGGGGGGGGGGGGGGGGGGGGGGGGGGGGGGGGGGGGGGGGGGGGGGG
GGGGGGGGGGGGGGGGGGGGGGGGGGGGGGGGGGGGGGGGGGGGGGGGGGGGGGGGGGGGGGGG
