GGGGGGGGGGGGGGGGGGGGGGGGGGGGGG....................GGGGGGGGGGGGGG
BB...N..F...N..q....N...F.......M......................q..q...BB
BB............................SSSSS...........................BB
BB............................................................BB
BB............................................................BB
BB.................................Z..........................BB
BB...............................SSSSSS.......................BB
BB...............................N............................BB
BB............................................................BB
BB........................................QO..................BB
BB......................................SSSSSS................BB
BB........................................N...................BB
BB............................................................BB
BB................................V...........................BB
BB..............................SSSSSS........................BB
BB............................................................BB
BB............................................................BB
BB........................K...................................BB
BB......................SSSSSS................................BB
BB............................................................BB
BB............................................................BB
BB.OQ.A...R.H.K.U..D..U..D..U..D..U...1.K...E.QO.O..4.V...dXH.BB
BBBBBBBBBBBBBBBBBBBBBBBBBBBBBBBBBBBBBBBBBBBBBBBBBBBBBBBBBBBBBBBB
GGGGGGGGGGGGGGGGGGGGGGGGGGGGGGGGGGGGGGGGGGGGGGGGGGGGGGGGGGGGGGGG
GGGGGGGGGGGGGGGGGGGGGGGGGGGGGGGGGGGGGGGGGGGGGGGGGGGGGGGGGGGGGGGG
GGGGGGGGGGGGGGGGGGGGGGGGGGGGGGGGGGGGGGGGGGGGGGGGGGGGGGGGGGGGGGGG
GGGGGGGGGGGGGGGGGGGGGGGGGGGGGGGGGGGGGGGGGGGGGGGGGGGGGGGGGGGGGGGG
GGGGGGGGGGGGGGGGGGGGGGGGGGGGGGGGGGGGGGGGGGGGGGGGGGGGGGGGGGGGGGGG
GGGGGGGGGGGGGGGGGGGGGGGGGGGGGGGGGGGGGGGGGGGGGGGGGGGGGGGGGGGGGGGG
GGGGGGGGGGGGGGGGGGGGGGGGGGGGGGGGGGGGGGGGGGGGGGGGGGGGGGGGGGGGGGGG
GGGGGGGGGGGGGGGGGGGGGGGGGGGGGGGGGGGGGGGGGGGGGGGGGGGGGGGGGGGGGGGG
