...............................................................B
...............................................................B
...............................................................B
...............................................................B
...............................................................B
...............................................................B
...............................................................B
...............................................................B
...............................................................B
...............................................................B
...............................................................B
...............................................................B
...............................................................B
...............................................................B
....................CC.........................................B
....................BB.........................................B
....................BB..........................................
.......HZ..KQ.......BB..........................................
......TTTTTTTT......BB..........................................
.HORQ.GGGGGGGGKZ.E.LBB.1Y..HU......................HQOR.M4X.VZ..
TTTTTTGGGGGGGGTTTTTTTTTTTTTTTT....................TTTTTTTTTTTTTT
GGGGGGGGGGGGGGGGGGGGGGGGGGGGGG....................GGGGGGGGGGGGGG
GGGGGGGGGGGGGGGGGGGGGGGGGGGGGG....................GGGGGGGGGGGGGG
GGGGGGGGGGGGGGGGGGGGGGGGGGGGGG....................GGGGGGGGGGGGGG
