...............................................................B
...............................................................B
...............................................................B
...............................................................B
...............................................................B
...............................................................B
...............................................................B
...............................................................B
...............................................................B
...............................................................B
...............................................................B
...............................................................B
...............................................................B
...............................................................B
....................CC.........................................B
....................BB.........................................B
....................BB..........................................
.......HZ..KQ.......BB..........................................
......TTTTTTTT......BB..........................................
.HORQ.GGGGGGGGKZ.E.LBB..Y..HU......................HQOR.M.X.VZ..
TTTTTTGGGGGGGGTTTTTTTTTTTTTTTT....................TTTTTTTTTTTTTT
GGGGGGGGGGGGGGGGGGGGGGGGGGGGGG....................GGGGGGGGGGGGGG
GGGGGGGGGGGGGGGGGGGGGGGGGGGGGG....................GGGGGGGGGGGGGG
GGGGGGGGGGGGGGGGGGGGGGGGGGGGGG....................GGGGGGGGGGGGGG
