...............................................................B
...............................................................B
...............................................................B
...............................................................B
...............................................................B
...............................................................B
...............................................................B
...............................................................B
...............................................................B
...............................................................B
...............................................................B
...............................................................B
...............................................................B
...............................................................B
....................CC.........................................B
....................BB.........................................B
....................BB..........................................
....................BB..........................................
......TTTTTTTT......BB..........................................
...R..GGGGGGGG...E..BB................................R.........
TTTTTTGGGGGGGGTTTTTTTTTTTTTTTT....................TTTTTTTTTTTTTT
GGGGGGGGGGGGGGGGGGGGGGGGGGGGGG....................GGGGGGGGGGGGGG
GGGGGGGGGGGGGGGGGGGGGGGGGGGGGG....................GGGGGGGGGGGGGG
GGGGGGGGGGGGGGGGGGGGGGGGGGGGGG....................GGGGGGGGGGGGGG
