BBBBBBBBBBBBBBBBBBBBBBBBBBBBBBBBBBBBBBBBBBBBBBBBBBBBBBBB
BB..q.N...F...N.....q.....F...N...F...N.....q.....q...BB
BB....................................................BB
BB....................................................BB
BB....................................................BB
BB....................................................BB
BB........................................H.Z..A...QOKBB
BB......................................BBBBBBBBBBBBBBBB
BB........................................N..F....N...BB
BB....................................................BB
BB....................................................BB
BB....................................................BB
BB....................................................BB
BB....................................................BB
BB....................................................BB
BB....................................................BB
BB....................................................BB
BB....................................................BB
BB....................................................BB
BB........................M..j.H......................BB
BB......................SSSSSSSSSS....................BB
BB....................................................BB
BB....................................................BB
BB................V...................................BB
BB..............SSSSSS................................BB
BB....................................................BB
BB....................................................BB
BB........Z...........................................BB
BB......SSSSSS........................................BB
BB....................................................BB
BB....................................................BB
BB................K...................................BB
BB..............SSSSSS................................BB
BB....................................................BB
BB....................................................BB
BB........QO..........................................BB
........SSSSSS........................................BB
......................................................BB
......................................................BB
...H.OQ...K..U..D..U..Z.4.V...X..H..3...M.QOR.K.U.D.H.BB
TTTTTTTTTTTTTTTTTTTTTTTTTTTTTTTTTTTTTTTTTTTTTTTTTTTTTTTT
GGGGGGGGGGGGGGGGGGGGGGGGGGGGGGGGGGGGGGGGGGGGGGGGGGGGGGGG
GGGGGGGGGGGGGGGGGGGGGGGGGGGGGGGGGGGGGGGGGGGGGGGGGGGGGGGG
GGGGGGGGGGGGGGGGGGGGGGGGGGGGGGGGGGGGGGGGGGGGGGGGGGGGGGGG
