BBBBBBBBBBBBBBBBBBBBBBBBBBBBBBBBBBBBBBBBBBBBBBBBBBBBBBBB
BB....................................................BB
BB....................................................BB
BB....................................................BB
BB....................................................BB
BB....................................................BB
BB.............................................A......BB
BB......................................BBBBBBBBBBBBBBBB
BB....................................................BB
BB....................................................BB
BB....................................................BB
BB....................................................BB
BB....................................................BB
BB....................................................BB
BB....................................................BB
BB....................................................BB
BB....................................................BB
BB....................................................BB
BB....................................................BB
BB...........................j........................BB
BB......................SSSSSSSSSS....................BB
BB....................................................BB
BB....................................................BB
BB....................................................BB
BB..............SSSSSS................................BB
BB....................................................BB
BB....................................................BB
BB....................................................BB
BB......SSSSSS........................................BB
BB....................................................BB
BB....................................................BB
BB....................................................BB
BB..............SSSSSS................................BB
BB....................................................BB
BB....................................................BB
BB....................................................BB
........SSSSSS........................................BB
......................................................BB
......................................................BB
....................................E.......R.........BB
TTTTTTTTTTTTTTTTTTTTTTTTTTTTTTTTTTTTTTTTTTTTTTTTTTTTTTTT
GGGGGGGGGGGGGGGGGGGGGGGGGGGGGGGGGGGGGGGGGGGGGGGGGGGGGGGG
GGGGGGGGGGGGGGGGGGGGGGGGGGGGGGGGGGGGGGGGGGGGGGGGGGGGGGGG
GGGGGGGGGGGGGGGGGGGGGGGGGGGGGGGGGGGGGGGGGGGGGGGGGGGGGGGG
