................................................................................
................................................................................
................................................................................
................................................................................
................................................................................
CC..............................................................................
BB..............................................................................
BB..............................................................................
BB..............................................................................
BB..............................................................................
BB......................................................................Q.A.O...
BB......................................................................SSSSSS..
BB..............................................................................
BB..................................................................Z...........
BB...............V..H..............................................SSSS.........
BB.............SSSSSSSS.........................................................
BB..............B.N.FB.........................................K................
BB..............B....B........................................SSSS..............
BB..............B....B....BB......................B.............................
BBHMI.P.QQ.A.OR.B.OQ.B.URKBB.YRH..B.......H.ZM.E..B.X..E.QQ.O.R...Y..HH.U.K.L.Z.
TTTTTTTTTTTTTTTTTTTTTTTTTTTTTTTT..........TTTTTTTTTTTTTTTTTTTTTTTTTTTTTTTTTTTTTT
GGGGGGGGGGGGGGGGGGGGGGGGGGGGGGGG..........GGGGGGGGGGGGGGGGGGGGGGGGGGGGGGGGGGGGGG
GGGGGGGGGGGGGGGGGGGGGGGGGGGGGGGG..........GGGGGGGGGGGGGGGGGGGGGGGGGGGGGGGGGGGGGG
GGGGGGGGGGGGGGGGGGGGGGGGGGGGGGGG..........GGGGGGGGGGGGGGGGGGGGGGGGGGGGGGGGGGGGGG
GGGGGGGGGGGGGGGGGGGGGGGGGGGGGGGG..........GGGGGGGGGGGGGGGGGGGGGGGGGGGGGGGGGGGGGG
GGGGGGGGGGGGGGGGGGGGGGGGGGGGGGGG..........GGGGGGGGGGGGGGGGGGGGGGGGGGGGGGGGGGGGGG
GGGGGGGGGGGGGGGGGGGGGGGGGGGGGGGG..........GGGGGGGGGGGGGGGGGGGGGGGGGGGGGGGGGGGGGG
GGGGGGGGGGGGGGGGGGGGGGGGGGGGGGGG..........GGGGGGGGGGGGGGGGGGGGGGGGGGGGGGGGGGGGGG
