................................................................................
................................................................................
................................................................................
................................................................................
................................................................................
CC..............................................................................
BB..............................................................................
BB..............................................................................
BB..............................................................................
BB..............................................................................
BB........................................................................A.....
BB......................................................................SSSSSS..
BB..............................................................................
BB..............................................................................
BB.................................................................SSSS.........
BB.............SSSSSSSS.........................................................
BB..............B....B..........................................................
BB..............B....B........................................SSSS..............
BB..............B....B....BB......................B.............................
BB....P....A....B....B....BB......B............E..B....E........................
TTTTTTTTTTTTTTTTTTTTTTTTTTTTTTTT..........TTTTTTTTTTTTTTTTTTTTTTTTTTTTTTTTTTTTTT
GGGGGGGGGGGGGGGGGGGGGGGGGGGGGGGG..........GGGGGGGGGGGGGGGGGGGGGGGGGGGGGGGGGGGGGG
GGGGGGGGGGGGGGGGGGGGGGGGGGGGGGGG..........GGGGGGGGGGGGGGGGGGGGGGGGGGGGGGGGGGGGGG
GGGGGGGGGGGGGGGGGGGGGGGGGGGGGGGG..........GGGGGGGGGGGGGGGGGGGGGGGGGGGGGGGGGGGGGG
GGGGGGGGGGGGGGGGGGGGGGGGGGGGGGGG..........GGGGGGGGGGGGGGGGGGGGGGGGGGGGGGGGGGGGGG
GGGGGGGGGGGGGGGGGGGGGGGGGGGGGGGG..........GGGGGGGGGGGGGGGGGGGGGGGGGGGGGGGGGGGGGG
GGGGGGGGGGGGGGGGGGGGGGGGGGGGGGGG..........GGGGGGGGGGGGGGGGGGGGGGGGGGGGGGGGGGGGGG
GGGGGGGGGGGGGGGGGGGGGGGGGGGGGGGG..........GGGGGGGGGGGGGGGGGGGGGGGGGGGGGGGGGGGGGG
